./dec.py:3:9: NSP001 DEC Invalid
./dec.py:4:9: NSP001 DEC Invalid
